vzuzju zuzjuv
vwlqnnut ulnnwvtq
swtmjqson tsswqmnjo
sgnfbivdzmonhe obzsdfnivnhegm
lm ml
kggrbnjigpibp gnripibgpjgkb
irfyiy ryifyi
duub ubdu
duczepxdv cxpevduzd
crfohtcnp pthnrcfoc
ulcczvukasmejr cvmeuaskjrczlu
fekupiuhtes ukfuephesti
ntjawyxuc xuyancwtj
gsxnpfanezaqqeb egqanaqefznpxsb
zhwmnyh nmhzywh
nwplufqzlbgcrh qblwuhpfrnlcgz
iulczubvcidhr izhbcuvlucird
qyyiob ybiyoq
pjrzw wprjz
swofuaweg awfugowse
ojmr mojr
mcpapudj mpupdcaj
iyra riya
dkxtmqcr xqkdmctr
xomzwbw owxmwbz
sff ffs
mjf jmf
cot oct
ennsiimernpoi esimpineronni
gvrxr xvrgr
uu uu
jy jy
qsaejvmsqerjdh ehxqjvrasdjqes
qaiixj jxioaq
pgfvhclpeyot tlotvghfcepyp
kwwymhpvbzfmc mwmkwychvfzpbp
jvlpee veclselpj
iaevwxw icetxawwv
hmqmtumjuhbtyfs lsbuhtkhmfmyqmt
bnp bpm
