zyzi yziz
zysbkaowsludvroz yobkzrulvwaosdzs
zyewcoiwexjy cejzyewxiywo
zqywijtdtkuvxexasq dyajwkusxettziqxqv
zqtbtwiahr qrithtbzaw
zqqpremale raeqqplzem
zoheksvh hhsvokze
zk kz
zj jz
zfexl ezflx
zbwaowmdjpkghuwtxkxzik jwoxxkdakugpiwzwzbmtkh
zadcwbbtqgmkmljd mmbbdzdgtwjlqkca
yzq qyz
yxmsykclzytu tysxzlyymuck
ytpbthclly cythllybpt
ypzfwqucvrxtoywmeai trioxfyzamwqevypcuw
yhfmpxomsebnnhbtzibugqetpo nbzemoetbhmgsypipqnfotbuxh
yejxhdjdsaixeaqptgzvnpvp egdhjvspqzpjdxatnipaxyev
xws wsx
xwrsswjowighkapgjsswt wsxwgjpwjskgstowharis
xwkpxizqtu zitxkwupqx
xvk kxv
xtqngwvcvu vcgxvuqwtn
xtlxoccmnns mxcotsnclxn
xqm qmx
xqfgxkgo ggqokxfx
xqdhofwyfjiv hfviwxqoydfj
xirwztofsjdq dfxtijqszowr
xikqdwjjupvdpebawguqf dpqjkgvudeuqaxwbjwfpi
xcuqkbgsanjrrfnagndqlgfqgle lsxnggbanjugqnlfaqkdrfecqrg
wz zw
wwimpkzjnpehjncsqt qhppnwcesjtnkwimzj
wuulqikylqfnh kqyfwlnquiuhl
wtslpksbjfhozosanjj sfkpwbojanssjtjhlzo
wt tw
wp pw
wonracfrxujqzdxnhmshzmoaexb jcmezbuonnohfarwzaxrmqdxhsx
woduzhkg ogwkduzh
wlpgmppod dpmlowgpp
wissdcn isncswd
wgwxskaqczzom awgzzcqomswkx
vxbijpnth nixvtbhpj
vnkt nvtk
vkhfcx hxfcvk
vifxqnvwutmwhkrgp mpnkuvwgtvrhxwqfi
utogxfcnzx txnxfcoguz
urnjyzntuwsiail suinjrilwtayzun
uhotqxahnvsmqwbot huqhvsoxbmntoqatw
uerhsykxsdl suyrhkldexs
ucxdzkp pzukxcd
ucfe feuc
tybfcdjxgmqz jctdbmxgzqfy
tx xt
twpdlxyiqxpmpfezl lpxtxyfdepzwlqimp
ttzvwuqdrsltrqovzohqkv dzkrqovzqhovqsvuttwtrl
tetwqbfbnlepuc qbnleewttpbucf
takygcfqttg afctkqytggt
tagzduknw udwnaktzg
stnmd tnmds
srpnmzgyakoqogcxx qgkyxxoazrgcsmonp
sj js
sgukisnomewovcwllkuybndr olnenuywlsgwsiumrckokbvd
sgemc gecsm
schjhlwggqhg hqghjslcwggh
rs sr
roytmdazfwtgcup amtzwudtogcyfpr
renqhqnjudssdlakioqzvayvqom qjorysdlnsduiqoenvzqamqkvah
rcxebegkmkqap kbkgeqacxempr
rc cr
qrmksb skbrqm
qqzbn bnqzq
qkxbogegurkgnzjszp gropzegjgunzbskqxk
qjaubgswfxstpycolspfbcq cswgspbpqqubyaxfocstjfl
qiudpwmcokebnc cdpiuobekmcqwn
qha aqh
qguzbe gebuqz
qatairlrvlmtiprtiqr vtitliatmprrrriqlaq
pyqfdhveecrz fcedpzerqyhv
pxjbhxzcqk hjxqzckbxp
pvrbdmufgx rpmvgdxbfu
ptop tppo
ptj tjp
psmqexbyjfxcug sepmxqgbuycxfj
pnyskvvyhvenlucsgygd vcvphkyvngdynlygsseu
pnhsopyrizzrgqbbmi qpnbpzombihgrzsiyr
piuftexvxquwxef ufxuvweetfxqpix
phxkaecbckntfi iccxntapehbfkk
pgyylwyxjbhorihbszxxxw bxboxhliwjyswyxgxhzypr
pec cpe
pe ep
pdygwirttzexsycfxgvfzh dcgptxzghyzwtervfifysx
owl wlo
owjaqtqbjuayxxnsm aasytjoqqxwxnmubj
oschxelbdpya daeoplyscbhx
orhrbpd phbdrro
omkxktqcqp kocqxqpmkt
oljdop dopolj
ohzlxclkkgzdxqjnqhyg zxlnlkcqhjghodyxzgqk
ohv voh
ofk fko
obyvcukcjnnhwtvjjde juchtvjyncendojwbvk
oaym myoa
nypouumeh pnueohyum
nugmsbwcgzpqubtlyhngokdkp wyubkhcgpmtpkqdbsgzngonlu
ntjvwl jnvwlt
nqlpfvwdkwkglsanzp wlnkpnzwfgqkapdsvl
nosfmavonkqmomlntkdy mvqmkoanlnodynksfotm
no on
mxyriwfoultdpvn yurmwflixtovnpd
mw wm
mt tm
mroklilggqpyzodqqwawolsaue ykmiapzllgqqouqolseowgwrad
mrhjx rxjmh
modrlt tdmlro
mnujifzehcwejajmrhseaxoi hewounezjrhisimexacjmajf
mncjcqpowscatkjkpbwstbs jbwoqkcptjkwcsspcmsbnta
mmknjgscgcf cfjgsmngcmk
mirnh rmnhi
mgbgayjxzawouwpxglmbmbf wzymlbxwgbgmgxmjfbuaoap
meaflrahh fahmelhar
mdiksp kmsdpi
lzifqzaxvtxpvwihpdzlgn ixaindwfzlgtlhxvzpqzpv
lyjmr yjmrl
lwmfbdtlaxkyehyhwnts bmhtwtlxldhswaefykyn
lqrig qgilr
lpsgynuixlvvvkzia pszllkvayxngivuvi
lnwsagrmuo nsamouglrw
lmtepqa aqpltem
lkrfeamxtmwmjbol fwbtomelkrljxmma
lgrb gblr
lcknemoq nkceqoml
lcfwplwguvryccxfzkxxgjmk wjcgcpvcxffkkxrugywmlxlz
kueizd ekudiz
kshtxm tmxshk
kmxegqzllq qxzgmkleql
kmsplhx splkmxh
kfzkqrc zqrckkf
kfbevbljzmxqjktnvacafn jbjfzktxcnamafqvbvlnek
kdoxytmnczvqmlvywzn lnqymvkvdwonzzxcymt
jwx wxj
jtokgomhn nokotmhgj
jnqc qjcn
jiqfwwgiisewwhpetwalcse awwwpesswwqtgeiflcijehi
jfkcawdxwegghxt chdfxgwwtgkejax
jfgvjgwxdumkfikvyywrdvhnnve ivjdgukwnvgvjfhwmrxynfdevyk
jewv ewvj
jdzhkncmxepigl ephjixzngkdmlc
jdwfbzduphtonqisc cwjszqnthdopfudib
ixwofksd dwfsoikx
ixpdribkbnhqsepujcj nqipxjpricbdebhjkus
iua uai
itoczyjgprsbv cibzygrvstpjo
iqsxbhtravwixtsvgjyeem xstvheabgqmersitjixyvw
iomhq ohqmi
io oi
igks gisk
ifiphdtjvniyzzcmjrnv fitjynznjvrcipizvmdh
iffivjjvbkc vcvfibkjjif
if fi
ieh hie
id di
iccbjmjsizfryedtdmbutft srfjttbzcjcifmbumdtidey
ibqfdrrafojxvzlc boazfjqrvfclxidr
hxeokfawy foyhexkaw
hx xh
hv vh
hpvtm pmthv
hpugoyrircxvbqgafcuufghhp brovhipuugyrcphfafqhgxucg
hotenwvbzedx vedwexhzobtn
hnftsizabmosfdleoppqd odsqppfzfabhlmetdnios
hmgcybqas mbysghacq
hlxwhhkxruxcaqemgxmwnpok rkhqmwxhlmnogxpxxkacwueh
hjouglwotjvkxwbaupgpg ukpauwgxgojjbopgtlhwv
haounnvcspth npahcthnuosv
gvuooyqiuevphtbsoydqcpxx oyqectovsqpgoiupydxbuxvh
gmjizq mgzqji
gkxlchbvjg cvlkxbgjgh
gdrgzfqoz ofgzdqzgr
gbtvukastyp vystgtpaubk
fzubqfdplzbkqgbyzbybavoxxr ybzqxgbzkyfopxfabzqvlrdbub
fzhqsnryltshoehofcmhinnxvn xeooihmffyvnhnsqztslnchhnr
fvfpdrgciylbb grpfycldbvbif
fuv vfu
fq qf
fnzbjc nzjfcb
fncuinynqblbuvnqb uunnbvnyfqiqlbbcn
fm mf
fhlptpjqdm pmjtpdqfhl
fedcaitpvbhswjduckv btfjpchicsduvewvkad
favvmgkaymfejkoneiywpxsbmdt mxoydkatveejpfmkbsifygvmnwa
exosfflgtwrsesiysoyhbnsdyec sftyyoysefbiwcssexhdgslonre
ewvhkejvlqhfkgmzrukmnkenlus qhkkrumfzgnlhknemsvlwjuvkee
ewjoxkyab koxwejaby
evityfgfzhlwqatkbis tizkiyqvweahfsbgflt
eulledceniysxzkeso senuxeezdloeclikys
erq rqe
ei ie
ehasl sehla
eg ge
ed de
ecozjldq ljqcdoze
dxywlbpforbsspeyamzvf lydbfvaosbfwyxpsmzepr
dqnrpxwvhpm hwpndvpmxqr
dhzabdvsjoawwfnus zwdhjfsoaadbnusvw
da ad
czbkaophsgirrrbyghvfpjkz kbfpyzbpgsrgikahvrzojchr
ctyxo ocxyt
csuwigl siwlgcu
cqxedrcnisedktgzbihgvl dzcniigsqhtcrxvkglbede
cqnxquxnsognnrkospebdwrhct dnhqbroexktrxowqnnsnucsgpc
cprnn nrnpc
cmukjgpf jcmukfgp
ckrhy hckyr
ciukzwyqxktguts qztxuyucitswgkk
cckpkbmff bffcmkpck
cawv wcva
carlnbbtspwkrewjhm rjcrlptwmnbebshkaw
bup upb
bsjhuyvqqqk sjqkybqvhuq
brrhmjxtlxenjbwzpn njexjpbbrtrmnzxhwl
bqxv xbvq
bmazcifyddp zbdypmafcid
bjwntsf ntjfwbs
bhgthzxycjtvjruk jctjkxuvtgzbrhhy
bg gb
bbnscraopk skobncrbap
azklffgkepqyciixpgcvbcda fyzdxvlapgikgbqckpicfeac
azhqvnmjzokrn omznqzharnjvk
awitdknarlpmmzgantch lrazgmptmhakwncdtain
alwy yalw
ajk jka
agrexzb erxzgba
aclrcnqhidcjyzwb qachdyrbzcjnlicw
vmwajgbxuxwohvdazypvcvhjmxl lodmwzjagxxvbajvvcuywhphvmx
sbalgdoemjskdecxyrmsccijouk ebujxckcoardsosesgcydjmikml
rqfjbgezsfhkllntbziwkeraabe ajkelfhzrekfzigratbebnqsblw
mevlndfbftbjdnirxiseynzsqod ljbbireiyfdvnfxosdtzennqmds
jkwjhtumbqnhzuqpdhhmfkscrtu uuuhkmptctnqdqjhmwjkhsbhfzr
goazuoqzljrubsriviauagywuwf gwbuzzorqulagufjasrwiviuoya
fcoebhwfgzihwsvcazehnnpewco iofnfzhhenwzwcoephbcavwsegc
dtwfwhrghiftsafszrxmcjhgyrl trtihfhmsfgfgdyzrcxsjwwalhr
yxptiwayccsabcpjkpiddyrzci rwiipciybadcjxacyzdcyppkts
yumwkwabwkgypeuizolrdayqqi igywiakqubrkdaewouqmwylyzp
xyxuizgkftfwdrciqcneprrnlz ixfrdklcierfynnxctqgrzpuwz
veeukudygcruobojiwvbslxoac gxwejiyokusroocvadlvcubueb
saawhpdcwibbwvpporaughyqfq orbpuavpwcqaabwgifpwsqhdhy
ncuvpdbgatrbkhwllmeorhxqlr dqelwptrxghrrnolbakcvbmluh
magtsdttzfrpfmmvppsuiubhqp gmsspmmpvhbiputtprqdatzfuf
lbldolotdstceocnoapzeynvti cnoooenoctyaddbsvteizllplt
kfarlfmbfxbvlhfwtsmuvjarir msbutxfavrlfvkibfmjfawhrrl
gqdamzuegoqqmnpahzqyxkrmud hzruzqmkuaaqdqdgexpqgmynmo
dfdiferdrlxkzayysnffwtayzq fikfxflyddwytnfsrqrzaaydze
bsdvyaongsvvwtcesothovpnjk otknnvstcvsvboogwevypjdhas
bjomhnuqypopgwvfpjleyqbmqj ghqummyejpqobpyjqwfpnbjvol
qvunqonkaxypdcucyglfzijtk gpnycanyqlvcifoutkjzxkduq
ogvemwtkklilayjsdphwzzsqy jayivtwlzkosywdskmpgehzlq
nhevghjxaipjdybacmtwktevo djxkpatjevihgavewctonbhym
jrzneycqiacjlrzqbrihvlnkr ziqkhljabzyiqnrcnrlrevrcj
ghpfijundjxkevotjfmtdmxrx hfgpvkeufrojtjinmxmdjxtxd
bpydkjfrvgzigfkbnbennndth gnvkyfjpgznheibfbndbnkrdt
bcqfhbcbemuwjtnvytllbdqqw fecvtlbhbbmbucqqdtwqlnjwy
sozmhsrocxtbtelfyngnqwoo tomlsrwebfxtoyozconhgnqs
shqqgqhiotihikfvvongcppa vvihohqqpgnscoaipiqgtkfh
qeqsxfeygvyctmvfxsiblzbt sqgvfyxqtefebmctzbysivlx
pwwzxogzzfzaaiykgjabqkjl zzzopiwxjykfajwzaalqkggb
mvmxhvpskiusuupnjfvmowgf hmsvuumpgfuvkfspmwonjxvi
irdcmeopfpgvdcwkzubraohe edirvzerdkowpafugmbochpc
hsjnyndjljovhrljzawskhwd vjwnjyzhhsahrwdloslkjndj
zxdaxcxhbwqmmwbsmgmplxk dxxlmmwmxxgkshczbpwqbam
zuagghwnwqhjolccnerapxx ahjxnwconpqlegcrghzxawu
vtpnipazciqqakdneuhylmh uaniqdmehitlyppzhvakcnq
vgzampezukidhwjhqzyadfj ziqmdzphyhwefvukjgdajaz
uxadwmyrgjvpyvrlfsmhaei sxdmjfagpryiumwrylvaehv
qgoahhednknsiljxujmzzbb egmzdnulknjahxsjhbboqzi
mxwpwiyrfpjkqsywsmmfjwd iwmsfyrwkqmwxpjympsdfwj
jwoqzolhmppxrcvazfrerzz qzforlavzzepmxhwzrprcjo
inlhqmecclojvacyoswewto coijolcwseohetnmwvycqal
fmaqejtufusdwyrkqjmebsh uedquffsqthemjwsjmyakbr
eqliulxbkgpxsiinlalmvbv kuimgvllnlbexpbqaslvxii
eoqagzxitxfcvtdrhdopwgu wfiodctarpoghqdxzvgeuxt
qmpkfdvlddffozwszgyxxp gkyfddfpwxmszxpqvzlodf
ihlchwsakorunvlahrzqcr lwrzahqvrscnkaolhurihc
hvlnydidwzsyjpuqbsizve qizlushyedsidywpzvnjbv
gnfgrhvdioqzkexkgkoydm oizfyxdodvhgqgnerkgmkk
dyhysoztiezgtnabqttpij hotnttdzzstiayybjiqegp
dyepkctojdjcbuuunolame ejdtbaoucnpmkcudjueoly
dpjcpgxqdztfxoaqaiujxc jaqgfcujtqpacozdxdxipx
auopztaezlxxlblbykpiqh hliaapxtlqxyzoeukzlbbp
xksbcsaakqngskqtheuez cqentksqekzssxbuaghka
qgfgsixujlzrvftmcqrps vqicjzrsfxfrglgusmtqp
onytrylwltuscivmhyaxp aoshrtvityluynylmpxwc
hurcigbtmtndzzxkxlxak nrdxmbxlzkgxzktaithuc
hodnmpcocqriwgbihhiso icnwhsicqgopbimhhoodr
erbfvbuhqykgcafcngtgb vtngfbebgrbkaughfcycq
bkolxvrscvehocjssrbgx rcscvekjhbxxoslvrogbs
ayjgahfsshyrnxorxpcpr orgppssxjynhrfaxhaycr
xybalipjmkdrytyxnngz yynbrplgxanjxikztdym
xmrbffkzmgargavapaje azegkjpaxarmrvmffabg
wovgupxmixwjyyrjclft tigwmxjyvyljopwfxurc
okyfzvpekdyfertthpue yepozpfudykektvhrfet
nfqwigxdshjpzbbagdah pqsizhdbbwxdnjghagaf
nfmjbizrknzwvxrcemkm ciwkbrmevfmrnzmjxknz
mrprrbdvakgezpweyyhf gfrarpmepbvyheyzdkwr
lrqforogdjapvnsbwfvp rqrfajfslpwgovvdobpn
jlijohxmsmkzshlwxrkz mxiswlkrkoxhjlmzjszh
jayzltvbfyatbzbcxzuf jylxfvbautfbzyztbazc
unezdrozytnbtlmlyei tozdnznleelytmiyubr
puvppokxlghtzhwotfj utwphpgohxtkjovflpz
plfwdozbowcacybwqcx wbcdobfqwpcwozacxly
ickrwmjmvbpfptwpxrm mxprpbmcmjftipkwvwr
exgnprsvsvhkybcqkik pvkssirykhkeqncvgxb
dksbpwawuuvmlirdsmu iupdavuksdsmrmwlubw
zhmkkxppcehvxmftsb xektfvhsxzmpkpcmhb
ypcwiatshekspmtwto sewwtpmckttpyhiosa
wazzlijnlfnqbnmmdg bnjlinzfqmnzaldgmw
vhfpdvnavduesqwqoi vsqvidhodunwpfaveq
orfawpevmydroogzhk pomrgzyavkwofrdeho
mfjysqzodrzlkskamn snfqzzmkdajyskmrlo
lbsjftkmyqhyzmomff lzjkmysyfmfoqbmfth
fvzwvqbzdfougbpzvr uzvfbgdozbvpqrzwvf
eazglkekgmboadaddy dygmaedboegkalzakd
cundowfurfxlwgjace fawdrcxwclfuoegjnu
cnbisvsyqhykxqqqbg bvcybqyqqgksqnxhis
axtomcwaqlxoesqosr mcsoxoawrqealqstxo
amcofazaxfddmnnoeo mfzafmeoddxonaacon
ufbmujjbrpvisptpx vbxprifujmujpsbpt
udyoqulbyewwqpeaf eybqeudfuyaopwwlq
syeceiacrtjhzsqfq qitfryecqseaczhsj
spfduebrbyxbwxnmy yesdbbyxmfpnxburw
sjcszjixedxymysoo jieodozmjssyyxxsc
qmcjedibpklbfirdj rjbdfeidkqbpmjcil
qhkjmqkntjczoavfa htanvkocqjakzjfmq
mbedcnifzkiwfufpw ckzfbfwupiifmdwne
lsxtvohqcyogyabdd gaydybsxdlotcvoqh
isdkeilaqhcmapvkc cmlkhaickpavqieds
gbbidkstjommboewj segmbwobkdomijbjt
fjrmetayodnovfvjw ejawdvtoyovfnmjfr
dbzghhyxaoyfaeogp ozhbadpyyoxeggfah
ajhtdnixmhawbztfm wnhdtaabimmfxhztj
zejetpjalazbabgp pgjablezajapeztb
wstefmixvajjbytp twptxifavjsbemjy
vtapymzmwgjskief gjmvsiypwzemfakt
uxeycrhsmlarcnhq rqhclcsrmuyhaenx
roovnyrfmdjtwkoy ntdvymoywrorjokf
pyuktrsmmdyrikem rsymekmrkipdytum
phvvfomqtazjkfgh vqhgfkpafzovtmhj
nmmyluzezunegjzu ueyjemzumzgznuln
msqgycfjkkvbvdvt gfksvyqtdbmjvvck
kczvwwgejagpfjsi svwfzajwejpkcggi
jxhmkinlcwevgnnr jlnkngvwemrxnhic
jeibxfxjhdhgtrsk xbjjighexkdrhfst
hckqrfsakcigxhby xrhsqcacfibgkykh
fnnlkhpjhinkgohp nklnhifhjogphnkp
emtkowdehlzzvrej jehlzvtkwomrezed
eaveokdgvizctgjk cgaegtjdzokkvvei
btjqquxxemzkqyyf qeytxymbfzuqqjxk
acppkxibekktdzba axitpkkzbbadekcp
whtkqlsgmjzxzvr hsxlkjrtzmqwzgv
whrnhjlepnsobux lnnhbsehwjpxruo
uxcgwwzncansyca cacwscnwyganuzx
umldqflrejcdrbb elblbrmrjqdcduf
sbejbzcvtkoxhyl esobcyxtlvzbhkj
qyiedfgwsqouwsx esfswwuodqixqyg
prlpfazxwevvsxg vlrazgvppfswexx
nhgehhmucnmapjs eanhsupcmgmhnhj
ncqxktgutmgdctm kmggcdttmqxcntu
mpbdcrlobkpuxab rpubbkablpmxdco
ktmwjilepnjrfxr imrlktnpjrwefjx
jjynhenwbqnfpwd bfnewqjwydpnjhn
hqpkuyetiqhvdda eiqdudtqhpakvhy
ccynwtokzyxdhej edjhowtnzccxkyy
ccbqilncdorktql bnkoicqdqlclrtc
biadfibicpbxxwt ifwcbxxditbibpa
wtnsztvnuqbnuw sntvnubnwtzuwq
rjlcglvxysrixv vjgrlixsxlyrvc
rbxyvxcjffvami vcbyjfaxximvrf
omigmoglnpgwsf oiglwnogmmfspg
mynzkcdtatxhzv yxktnzdzmvhact
mgncachzmyuqgy mhgzcmyqyagcun
ldtcvosicbyhoc ochiydtslovbcc
juahtteuumxqjb tjmquethuabxuj
jjmunchtnydbkm dhbnutnkycmjjm
jabxzrgmfwiiwb rbmfigwjbxwiaz
jabsytuqhpowrs sbsopujqaywrth
hrgmivkjnkmqnu ninjvhkrkgqmum
fdxzwfzimmslid mfwfzilsizmxdd
fdfooqcxrddwvm cfomodrqfxwvdd
ebbkwfhlyodhow yhwflhdokowebb
eaytkblzqyvwfl avkfylqbwyztle
cibupdlxkzvsrv bxdpvvslcikzru
bvlhbtfnmivwba wbbhvaltfbnmvi
anzvvvwkuhcdis vazwnhsvicdvuk
xzrchydcjuqmzvsyudlwlcqdppg scplqpddyyvgdmcuwcljzqzuhxr
xrkkueqkyqgvmyxbgusaqqkukzv kgzauqyuqvbxkurqkkxqygkvsem
xcihmhongpxxwrdgsgydnodhhyv inocoymxnwgrxyhhpghvdsddghx
wighwkrjxpcceyfuahxwbxgbmfr rymjxaihbecxgfubkwxfcpwrwgh
vxrhmepizuguxxxqnotyloccade nmgqpvhuzcxieloaxxucyodrext
rcxgymbahhuflvmkscncnzjaoce gneucbycjscomhxnachflkzamvr
qdbbkwaumwqcnotecjjuidjkrpa bqnbmokwdueuipkdqcjtrjajwac
ifvumdtsgroazvxhxtbqpbttlqc crbtlqtvxxfubmpdgitsqzothav
emplktrvmyqnpmubouiktkzjhjn lrimzbkhmouunjpymnketqjvktp
dijaqtrihahqrsiczmljvbcatpu aiqhujclmsbtpaihdarviqrzcjt
bygjldiktkkwjytslqkvjslkwsa sdtkwjyivkqllkbskjtjwysalgk
abbclvovahjtfnicekjqgxnkgtq vvnlobagagtjefkkhncqjcqitxb
zmgcqqqaksqmewrbwsmsgjokqe jrkqsqogqqmcwbsemgswmezkaq
zihpvxeitvybuyizzeyzxsbpgo bxxovpzvgteuziezyysbpizyhi
zeesfpnmggiac anempggifcsez
zdrboimfssgoalvbmchjmlzjvp csimsomjljmlvbrzagfbvozhpd
zauvhkjsjezww zvawkjezhwsju
yxzhtduorsvnb voxzstdurbyhn
wqdcepeidedjoqatzqpriomsct dqaepretojidemqodscwptcqiz
vlfcpnyokmedi pioycnevdflkm
uausgaiukamvi akuguivasiaum
svixhgcqpxbkfrhobkspdtjpbz fkgdoibhpssqbhprxckxbtzvjp
sjvftyosiyddlwhgcvggyobonn vgiosoyvtljdfggysbhwdcnyon
rmleijjgiaiexjkobyqlzfkofu lgjijjeeabfmoxyfqizroukkli
qabipsqzlgjej pzjlgqjqbasei
pzhanqzswsfbv bwzavhnpqzsfs
paaqejbxbcfdrlyxdyiiyugbeu bdxaadypcqxrgfyjeueilbuybi
nlzsarogdnnstjwaljsocgfehf nflotwszjfsoacargjldnsehng
nkhpxkhohyuisgajhrpwtrwwpz psuyahjpgrznhktkwrhwowphxi
niycagqhvdugydijhoyxzynskf iyhqdghzjiyodngxkavycyfusn
lzdhmtkcftvjn fndttkvzcjmlh
lgnaabokaxsqs alsbaqsxoankg
kqorudnfkqyqx koqfrnkqqduxy
ikhballamglht lghmlkhbatail
hykkgcmuuyyrdimoqqptsnxgzm hiuxducqogqpskmyktyrmmzyng
gdmtyidigneer girenygedmdit
fiskhpmyevnfa pkayfnehmvfis
cmbqjfybaggtizlluzzsrvpnyc nbmigcbsfzugypavrtzlqjczyl
cdgylwrckgjca drccwgkalcjyg
zjppuwusobwqhauqbegprdzoh wudhoqbuhberzpqpagwpzusjo
vxfdzuvurycsfdetufftystsc dsrtsfczttfycyvuufxvuesfd
stcvkmgeoyiehuxehovxxipqz mispxkehzhoovvxeuticqgxey
qnzqrzphoilfhfaafrcsankhl fsozaqkzhlhcrraanpqfnlifh
plbfsmkjtigdiojwfudgmsbzf jdbmipofkszugmitjffwdsglb
nytxciwavsrvcaxbhczaslxop ccxiraxhabvzwsntysclxvaop
kxqrozswsodqgogvjapkmhhzo hsrdwpjoqazkhozvxgmqosokg
klzzsqedywcgcuugcjuksfvqz uglccdczskjgufvzkquqeyszw
jmvhfejgxszezshsmnscwclud zhvmmscjwjsesculzxghsfnde
gnrynoihtlekujsxyxvlxrbum tbnexmkrhnluloxuyvsrxjigy
bzbbwqhdgywtqvjnawcnpimby iqbcwmwbypzhgnabqjbvtwynd
bspcssvvkduuemyynjlswqgyn nsjlbkysupsgdvyweymqsunvc
zquqotonyvad ountaovqyzdq
ynboztomqafdyaewqxoyxrns odaroqwnoetyxyzmsxqyanfb
yclisukvrzoo kosuylzrcivo
wocgrklcwxkz lwgwkrcczoxk
whxgsgmjuvqi xhjsgiuwgqmv
ufnqnyryqwfoaiithbsbumuz rqfwnzfhbabqtsimoiuuyuyn
tczjnfrfmxllaomidontegmg djrfgtxnoeiczmlgmlatfomn
rtzfgdghobqs bogthzgsqrdf
rtgtssfrkqqm sqrfqsrgtkmt
qlhonhrvusmyxhtgshpyxzjn tysmxhlyjpoqhgrhsxnzuvnh
qjivlcanczez enczciajvlzq
pjkgwninzzpr zzwnrpijpgkn
pfdrpsvagunv npdfargvuvsp
owtnvwdnkchocwqlimekxjvh wkvhxwokcotceqwnhmjdnilv
otbuexyuwgkhnnjznsieahez boautnyeiehnsewhkgnzxzuj
opvmnucfjsoyvflnzwqgamvn ywgopsvvzlmvcnqnajfufomn
mgwmbrjxhive erjgxmvwmibh
kvfzcpbjxkev zfpcvejxbkvk
kvfopkgpryufexjqkoapyjzc fvgkyoruqjaxpkopzkyfcjpe
ktxthtoutoasepdnozpvgqxe xzetttsoupoxnoqpgkdehvta
kcdmfkvghiwe emkcwkdhivfg
jphqdgokegkgurymkrtsnbtt tdrrkgstugpkykmnthjgoqbe
jlmxjikjxzquiitssyimljbb bxksimlzxmiiujsbjiyqjjlt
jerzshmzdjbgncnuewhztgat zgwmhjnatjnhguzesrtzcbde
ixlikuvcazyf ciaxfiylvzku
htitbzdcpkvg tickbdvptzgh
gvmnjjvpcqfj fnvgqcpjjvmj
ftypdsrtxarsiafylrutbvvp sattypsfvprfuiylrvdabxrt
ftwgofvzcbybxkvvprmhlsxo bvyoptlrbhckgmvwxosfvfxz
fcqehxfjhlbhacbfmrppjcss xcfbhjcecjparfshqhfspmbl
esvxwjvchyej wxvhsejeyjvc
buhodeafcnkl clfnaebkdhuo
bkmegccrwfxn kcerncfgmwbx
avpzmshhdprawjkhwgqimlye ayaqrhheklwghvpimpzdjmws
amlghxbnpuig mugplibxhnga
yunoqkxhriihhxtiznbzkik hqxnburykixztoizihhikkn
ydhollkpnbczwxtsuywghuy cwyhybzlspuxwlgoudknyth
txokopqxigjhnvqecqgrxfy nhoxpxoxjqfgeytkvrqgqci
lhmyaphcgknzoccmbkhzfen cbenhcmmozyagcpfhlhkknz
huttivcjfnhimuyyujytuub htnyhtubuycjiufmvtiujyu
cyxiottzybtxkzbnsweyakz ayotszbteyizbcyzxntwkkx
yqveljwwvxq levjwvyxqqw
uomtfkehmedrxnpimhflty ixmlytouepernhfmfmhtkd
srgwgqdogta sgqdaggwtro
skvnrhltlxzbaqtzyihrxh qbrrshhkxitlaxlhtynzzv
oqhhsvnuybl qhhonuvblys
opwjhoqndng pqhgndonwoj
msyruojyobj yjsbymjuroo
mbqmkolrqej boqrjqemkml
kjployycickcejenocrdeh ecioryncjhplkcjcdyeeko
iudnipcqdvg dqcuvdpinig
fmtgzvgwhei tmwfihegvzg
elkgrezphypmwobxcfjchu lewbmfcpcxoprgzhjuekhy
ecmfapjpnbenanjpmqgkzt azapnqpctbnnjjmkgfmeep
eaacwbzmtpa wczbepatmaa
bemtqtdfohf fteqmofbdht
wukoupmsahejchinotcyo sauiewhhcckjmuoontpoy
whafaldyixdxqpxlwkdls dykalxwiladxdhfplsxwq
rnyjxsloivdmnxxiiwtui ituvxxxdjomiiwsinlynr
iwfqdzivjnahbjotajror rnjfizowvqtdhborjaaji
gabonmredwwibfbqgqxdq ndbemgwqqibrwqdxgfabo
esdxhhgpvogpouegpfgyb gdvhghpsxpgugeobfypeo
enubrdjahwkcglnvjxach hdkgnlbunjxcjawhcraev
bglcrpurspcqoqlzqnkpm zulpqopqcgsbnmprqlckr
aqsotkwizntaqhpqctrzi stzpwaiqttaiqhokrcnqz
uzsteaidsb esitbusazd
ulsmjiwfkydnxeczgblg wesubfyknlgmgxizjdcl
spmiquwtym miwspumqty
qyjmtixlgl imjglxytlq
qrrdkzjnnu dznjukrnrq
qbxwcfehhezlnlpardmq hhwbqendrpflxlczaeqm
ofxwlcwele clfxwoleew
oalleucjzrjemiwitonk mljwiziejceraonotluk
mgtmrbyyrx gmxbyryrmt
lijmlbpxkfdkugnqtodf gfjbodlqkindkxufmtpl
lgbxhjxmah xgxhmhabjl
jeuazajgzo ezjjaagzou
gydmtryzjdalltbimvcv dvtiygytlzclmvrmdajb
ghqvtvtovyzkaxocyxkp hxttvckyqyxkpgzavvoo
gcivrkmbvj bvkgvrcmij
fnxjojqtqwootkefccqr qtfjfqoronjktocqwecx
brbupnkphrqykynidltw byprrwqktuylhdnbnkip
aqtsgapjhp qgtjphapsa
yyicpohidxqxcrwyeax hwqepixyycidrayxcox
wxlddefzshslhssqtqd qhsdeltxhsfwzdqssld
ooyudiunlccxiiylgah dhouyulacxiogyilicn
ihvgbopcucfmtsgzgzi thzocmiusfgiggpbvzc
ifmmyojhopuryoolzpk hmkoyrmioypolujzpof
ebhzablyhahqhttqtpc zetbtphactbhhqyqlha
zlcyuulrsgrppftuwn tcunluprprglyzufsw
xoxpavuhs xvosuahxp
wwixrgwco xowcwgriw
vrqxoyzkmsabihhfefstweakydw xdvwkimofeyahyhrestbqkfzsaw
utlgzxrmlcyfadogqa gqcroyzglxfamtdlua
tsgqpjjdfcfamtphqzxuuzmcuvl dtjqjsufpfchxtuzmqmavguczlp
ssookrnwltdhiwemiwrzizkkiaw hrdolwmekoiikzzswskantwriiw
rpogzyutp ugropzpty
qzyvtphus hysvputqz
peyebgxde yebgepdex
nbewzrfyg fznwyegrb
jdpzxepoe xepojzdep
ixrkkphayhvsbpgbgolntfyddxw gihaxykkdpvwdptyoblxfrnsghb
hrxsxlzdf rlxfzshxd
guzxruycwilpwwaylp uxwrpgicyyulwlwpza
ggfxprxhr fhrxrxgpg
gfjxrzrza frajzrxzg
fwuavbydy auvfydywb
fsouhxtkw htxoskufw
frdprowwrdorolkmqemtesncpin sdfwrndrikmpqetmcoolwrenpor
eqgfdsjxjadzkjlgxlqzltytyiw xgyqetykfzjzgljdljsadtxlwiq
dqqyioixr iordiyxqq
aoyqvwxov yvqxoaowv
zwvgtpojpiitxhimactuxhkycf wtguitcoypktihpfzvmjxxcahi
wcynpxrywisimhewmtpbwusjiu pnwswhuywmpryeiixtujiwcmbs
vpoabvlstnfaxizzfylfuqlcym azcbillyfatvuvoznmspqxlffy
uekbkxvukyscazleswbffvprvn ukbpvwzsekbnfcxlevuykasrvf
odtdejbdhqiqvbyoqxjbgxinbv hxjietjbndqvqdbbqxvgbdoioy
gnwvrluqocxxhripexxqxiibuh nhxvpcuxxluwrihiregbxoqxqi
eqajiawoiwwmgbisodngqayygn gmsbqangoajyeiigwnqaodwyiw
xmepanhpshfbsquuu uaqhesxpmuhfbnpus
xlsxwzpkrjyabzynk xnajwxkyzzbksrply
tfrxzhcflogbvikhh hfrhkxgboitczvhfl
qwrpjtsqqkekpjkjl kqqtprkjjwqelskjp
pojmvjevpecbhthtp heppcjvvttjomhpbe
plnlrnhwbosapzjtl lrwlbpntnzsphlaoj
pkhpevhqffzkdxyfg xqhpfzfpedhgvyfkk
nciaulkisdlgutfeu lkcilsfiudtenuuga
lgldljutpglveiwpb dulbvglilpjplewtg
gcssodfefxpbrqmso sedgfcxqmsofrbosp
feskvzdylyjuvtivl ueylsilyjvdvfvktz
dhsezojpvlsmvimtv vsepvldjhztismmov
zsjmkajqjezgswcmpeswakzbv aajwekebjqwszzpvszscjmkgm
xkkqvjzkwlqsumlcqlyotljvy kkxyqwmvjlucqolkzjslqtylv
qqqxvguthiwvfdrcviepuufiq wfiivuetvugqfuidrqqhpvcqx
nxydnkxnmnxrmmnmcyeztwmxz rxnnkmxynetmzcxznwdxmymnm
jakubsmqnmvsatpqdcxcdjgqk bqdxnjkmmcjgtqpvdscqsaauk
ikmwpvsnclebqutljnfhfbicv mcvlsnncbhikfbwvjqftupiel
hgjlocspapqwavpngfwihfwof sfjgiqwgalchpfowoawpfhnpv
dhpkqfxikaaunziojmcjkkhcf phhkmicjaojdfnkxfcikqkuza
zguhsvlxexwjwtcq lhwjwvxxcztseuqg
ywnogkzf zwygofnk
yisevahctdzncyrhmkzhezts schhmavtzctyyeredsknhziz
xvcgtnne gctnexnv
xgryuhshpslhhdwk pyxhshdkgruhwlsh
xbdkfwczlolncfwlcoebyhre foxkcbcnwdlorycehllfezwb
wskrgxvz xkgzswvr
vxxcsdxi xxcsdivx
usfcfrwm wcfmrfus
tzogcpbb pozgbbtc
sjqdyfpi jqspydif
qfqjjojrsxjqlbhg jqqjrjsxofgjhqlb
ptuxmkyowjddiitx mxkotjydiitpduwx
pcskrnxd sdcrxnpk
otpsaoommwzllwaffvmlakoy mkmzasofpwootlvlylaawofm
nsdbuvxf nfudxsbv
nrdpnsyymaubuobptaodeyvz ybvnnsuaudozymdapyoertbp
mmasxvwbeowgatioefxtgsgs vosfwwtmexitoggaexsgmabs
miyenmqkktzolqbwiyvrtobv mieborvtytnizmqblqkkvywo
lxulkidzikqlbvskpoaeqhci hspikldqkbvakicloluxzqei
ldzxcsoi sxlidcoz
kveejeebjoxxjxbtektqmyke bomjjextkxxjekqebeyeektv
ksifvhghjseytcrjaxkgjqer xrcrjkhyekjgsqisaftvjheg
jpyxqybw wxpyqbyj
hxhbqpfmiommtevevjmoxdeb mbobehxvhtxmmepifdeqvomj
ftyefvch fftvheyc
egcmbgvv bgvemvgc
ckjgldepdutgnbhuxiapnrzb gkgtacdhndbunpbeizjxprlu
buykxnrjlryjkscx kyljrjxbuksryncx
bnsskerd nbeksdrs
bgafahza ghzaaafb
konjbbublrhoijiatashulc ljibbjarbtchnoihkoluuas
dxjdwwgariycadbkwndvdpo gxaiwydokdvarjcpbwwnddd
tekltyaqyxjydud xudylydkyjatteq
sjihvosnfwaoniv nnvjwfissaiohov
qmwngeligcysqoa nmgegcywoiqqsal
mmiasbcmkfboemf mmbebkficmfmsoa
kemavgemjbuxlsh aevumbkxmhjslge
jzgrqsvmoswgwne wmgnwszorgvsejq
fzosnarzhdwvsih hzrfoanhdszivws
eolwcjvnmbxblsn xelvwbncmsljbno
xkpqybmdnxhyddjalisvnd ybdnxphismqvdkxaydldnj
vsmwagzqhbtkhzbqtnuzop qbahunzkbwqthszgpmvtoz
mdimoifuoexiqmkproebli ildmoforuxpoimemeqbiik
kjckuaefvxegkgfvfyexjt vtkkefuxvefxjkfgjagcey
ddjzdmsfwspqlfeynfomln dqozmwdfsmndfepjflysnl
bssmemxtpqebzhcmandcpa tadmhmezccnbsxqaespbmp
ztphrrgnfdcemclcmjzom tejonzrdfmcpmhcmrglcz
yqvrswi yvqsirw
tfwwnehkqmqvaf qkwwhtqefavmfn
sfbkgye ygeksbf
rnxprhf pxrhnrf
raaapktmectkot mpetratkktaaoc
qaklthn qktnalh
posfhlu opfslhu
pkcrogy ygrkopc
phgxvabgqglwhdduxslmu vdgxdhaubwlupmxsglghq
nvusgvw suvngwv
nskaslc sklsnac
lhqyoxw xlhoyqw
knosoxz osoxnzk
flrbkmz kzmbrlf
fcuojucivkmnhxdvrpuhn uvkuinjocndrhmxhfpuvc
ewtfzewvlofnks ewlovfeskztwfn
euzmdfq zfdmqeu
euxeopt eoeptxu
erpbuexanfuvbzzjcinst zpnfuzeesxvcbbtjinaur
dybhbwfgtaewqiervnbao tvgabdfnyewwaeibohrbq
cyidxdgorqcvoxppedwqa cdxqgqrdoocdwvepypaix
atgrthk tartkhg
adirsji jiisrda
wwmivsnkmvakemhgiqzhikwhsvc hmkicvshkaiqknvzwishewwmmvg
iplyksivbzlrgraobdgkraokgjz rjagkslirkrgaygbzdzokboplvi
cxtpqjnudkirocbmdzaicxkdymg dcnrcjbdimimgcqzxauykoktxdp
qlgxlgqbqfdcldyaoynj cqjgbolxqdaqldnlygyf
kjrqnyusoijlwpunqoll nqrsujliojqlplyunwko
aiigkwoclmawvpkhxmzq viwqmmoakalwicgzhkxp
xhzhcigpwdylygujpayaptvehd hhzeawhpaxiuypgdvctlydpjgy
tgfxutqdzjzvx xttxuqvzgdjfz
pbhlmerucwmog obwhpmcugmelr
npuvboqocolgh ovhngcqlpobou
mxukjdcuwhdhksflvzahqxysgr djgaxxkuhhhwzcfdylmkqssurv
lazxqpnovdmvu oavzqmldnxupv
iwcrkkimesamy sakrweicmimyk
ilmdkabevikbx ikvabmixlbked
igufgnltgydwm gyungltimdgfw
hfdmpuqlwoxfu fdwuqxuphomfl
gquzsgqfwamwi siuqawqgzmfgw
cfavtvciazgzy cvfycztagziav
bzgcgsdbzozaa aazgbogczbzds
anqnbwmlyefaz blfqnnwymaeaz
kjqctvayndykigeolfj ovicjetyyldjngfkkqa
hzzrcpcktqfpjzvjoxx rtovcqpkxzjzxzphjfc
fmkgfnnoirufegmmgsn nrusmkfgifogmnmefgn
qusrlwyqlakploymhtstthfxz moshyqrxlzyqpfksattltwhul
jyljdlmiyyxunqgxosbpmxyxi ilnjlqdyjsyuyxbxxmoypigxm
iwubqxutcrkteqgatjzhfglks ixqwkscbulftkhzttjrguqgae
dhsqrnbngqthauxnwbhpqsfqz ngdqxqhntqwnbsbhrhfuqzpas
znsuso nusozs
ymbsfovdjlvh myfjslvdohbv
ycecem ceemcy
xrfebqrkhjpt xrerhkbjtpqf
xmxvem xemmxv
xkurmxxizmgn iunzkxmmrxgx
wyuxswehunkc hxwywcksuneu
wobdtfdxbqjg qxtdbogjbfdw
wmmwly lwmmyw
vgczzyadgocxndvudg zcnzgayxvdcuggdvdo
utifwf fitfuw
thiqba ihqbat
slvdpd dspdlv
sbepvi viebsp
praeiv rpeiav
pcumodqordaa ordmcaupdqao
omrvphhqmaqesmlalzpxslvc lxrqpmhcpmqllazvomeahvss
ompapbatgvxnewnhhdpuzzcl vextpzgwpahlhbuonmpazncd
oexssoeolfmoiwrjla ooowifxaorslesmjle
njaguxjzjsygvizhpr zxjshijnuazggjpvyr
netxlr trxeln
ncbvyq byvcnq
mxsjer jsxrem
mnmshi msnmih
lzgcmnvjymivjdxpmn vjvxmndzmmyjcnpigl
lpzpzokudrsjzapjmmibpvii bppmmplaoiujrvjpzzizksdi
lhnthk thkhln
keqxhxldmcwe xqwxcedmklhe
iobnrb bbniro
ftwknu kntwfu
fnatbn natnbf
fdfzwj wzffjd
ewnxqn nnewqx
elagzz zalezg
dxmgpj pxgjdm
dtvgik ktidgv
dilcxc ixccdl
dbndwq qbdndw
cxxgca axccxg
clrezseuqunbvaanvi selnrevvbunqcaiauz
cfmlhh hmlfch
bjtpuf jfpbut
asyfsrfjudza sjafayzdursf
aoclln lalocn
twgignojcsiojqvndstwssx dijtstqngxnwoovsjsgwsci
ooboepxgiztnfkknnnhhorv nbevrpzgxooofhinohkkntn
yaejupqxpivwkzpjl jpevplxkuiqwajzpy
wveokvovldpszajyi wvepjdszvvlakoioy
taxtmaigygvdsqkuy txytksyagivuamdqg
pbzvrxlymwccscxen yrmxzvxcbpclecwsn
amydjprtxxyjjrlfe dmyeylxfatrpjjjrx
xphmtrgrvno trrpxmvhgno
udyzfzyfaqa fzyzudqafay
rillsalytpx rylptsxalil
pmwrbdmiaiccueorvbyivb pawmiocviyecbmbvrbrdiu
nzoiucnpyplmkyehlymwzh znucomkpplehiymnyylhzw
mowhanmzxqb maonmhbzqwx
mihwwfueafg mwfigeawufh
mfetjjlgvzq fvqejtjgzlm
lzhyamvjbvv jmbahzvvlyv
iwuerfrfgmp iurwrgfmpfe
iqcsexyqxzi qxsyqxezici
ihnjrgemfed reiejnmhfgd
idhlajitvbo havlbtijodi
gtystmavvla vsyvtamaltg
grhrxhzmpyb ghmrrypzhbx
gnsedffnxcv gfdsenfcvnx
gnjgxwjiohiloyvhlgbjic nlixwgjgyojlovchibighj
cqmtvftyuvgvgoivpwssyb bvvgotiycvfvsqpwmgstuy
brhtfikagxi btfirxgaikh
afmaxoqdqyl dyaqxaloqfm
vujddydkcjvkaeibihxuxllgfyu viuukjlckyixahyeudxdfldgjbv
mnvwnkcnwtmngleotcqgshiinak qiwikthnocmtggecnvswaknmnln
chzqybldbeivypybjcnfrydmjrw dnmyberdlqihyjvbcpjwybzcyrf
wlplravlzaofhtdd rpzhdawtavlflold
tvjphknltoqustjg tokqjunlvthjtsgp
imxuoludgqrbzovn qoxobundgrmziulv
hagqwqaaedrvsafu haqduarqagsevwfa
ciwjlkpxclpqjqoq qwpjlqclxcoipqjk
plftjfkphfesbgpnvdjwt dpntlfhskfjfbvjgwptep
apmcftjtwhgwrzbjlphpv ghtjfjabrtpwpcvzlhwpm
hsolwsghsxwldxltodsppvzraw slotoxrhzhspwswaxdsvpgwlld
yrljrhlhhj hlrjhryjhl
xmxzu xxzum
xenbj bjnex
xafcznbeek kzcfxaneeb
wjklp pwjlk
wdlewwxnvf wwldxnfvew
ucdfn fcund
twqqdfvtcs tvqdtqcsfw
stiwzpfkwkefoqd twzsfpiowkdqfke
rxbcwxapwxsgewooigyt wxbgrpcgywwxxsooaite
qqjcktwqkrujoti jrtcqkqqkuiwjot
qpypw pywpq
qompt motqp
opinrpnaiy npryniopia
okzjutlqyw olzqtjwkuy
nysxz xzsny
ngtwk gwntk
nagnk kgnna
mvybc vmycb
jvyxubumxlsjslvsvlms svlbsmlxuujxyvsvjlms
jhogi oghji
ipxqf fxiqp
gytyk ygkyt
gufqv gvquf
gaysp yagps
efdqrqnmmvgiqee nqmfeqiemrdeqvg
edtihhnoba hbetahniod
dmzgh ghzdm
cjexdfpzlz xzcjldpzef
cfzal czalf
bttkmklmyh mhtbylkmtk
bmtzvxjzxq xtbqvjxzzm
abjky bjkay
ihctozllxvrikvdmctvzfrqu fvtuklrlvxrqzvdiitmhcczo
xiyqftmlmxvfcrnxwen nlvmwemcxxxftynqfri
qcafoexntgtuqhucxin qnauxxehttcfgiuncqo
konakfmditezfxopwhc fpaxohndotcifkkmwez
gihfzjxoifkepeqykke kihqjeogfzkekpyeifx
amweuudwdvinwvwbhdw iwuwabduwdhvwvwdmne
vcmltcdprilytv vdptlrmlcitcyv
mfzapfirkezpth tfzzpkfpaimher
keroqsmsucemjj eerskcqmojsujm
fgnxkxqjbtxdsd dgtjnxsqxbkfxd
dgpoyidygdugli gilyypdgodgiud
albommpiuqacbz pimmcaoqbualbz
vxzbdjynyortywohkelqshf kbevorosydxznylhytjqwhf
qepfczkmfaeckrwcbnuukts keewrckqakzmfftcspuunbc
kdqeuabkagdggahxlbiewfn gxiaugfkdedblnaqgbhekwa
wswepwliz wiwlwpzes
uycuiwtnw utiwucnyw
puirmjxck ukipcjmxr
plsmkbaqg lsbkmapqg
kdzcjhbxe kjzdhbcex
ijcebezmm eibmjczem
icqrnsuge cgqruiesn
ibvldzrre relzdirvb
dbyivwgocglinjldiq cilwvndbgolygiqdij
ancntxzkv ctnzkxnav
cljlyiblynceuiyguecxwl ycecnellywcijlbyugixlu
ysgosibjssawe osssyijsbaewg
wpadytyysrzsy ywprytsydysza
sewldmngwjqtd lqegnswmwdjtd
sevuejoavknjh keusjhovevajn
nlrpteryinaql nqrltlapnyrei
lcwroaurelzka lrckwazoulaer
hmoqgxtqijwwt omwgwtxqjhiqt
euzfzdnswysro efnduzwsryosz
ckfvbflcnbusw cbffuvnckslwb
cithpabwjghvd tichpvdjhwgab
cchqlldsvnnux ccnlxslhvuqnd
yelidzxlwjldwnsqs ewyixzqnjwlsldsld
xpzmjxjvzfwkuyapw wyjwaxkxzfumvpzpj
nvfghpabnbtcxwetx gwnnxabpebtctfvhx
zifeizymlgto zeityzfglmoi
yjwedcld elwycjdd
xpofpxyz xppxzyfo
xhtp pxth
wwbapywg pwawgbwy
vmfm fmmv
veusoabk bvueasok
vcvriuqkggsr vgcqsrkigvur
uxmw wxum
uqaavczn ncaquazv
upuv uvpu
ufhfssbaqkzueketckal uulfskakhbztkaeqfecs
qrju rujq
qeah aqeh
oiqj ojiq
kzmy mkzy
kksopzzk opkszkzk
jepk jpke
gthznaqa athnazgq
fewvxaycuond fvowxcdeauny
epre repe
elxtkgwe lketxgew
egbiihvnjwpg bneiipvwgjgh
dwgm gdwm
cxtc xtcc
bnff fbnf
ibvadsqnipwnxqbaiphtqrpklll ibhvaqlpapdnxpbqrqisnwiltlk
uvnxdrvvixgoolfiluptdps odgpuivtirlvonvxfxpudls
hqtbloocaaxcrcrnryd ybralxoochnarcrdtcq
ksnuayeimstfjnqqpwxwdymdrl nxlsakjymstiundqpyemwrqwfd
qionfdkmvtj vmonfkjtdqi
pyqourpqpqq pqppouyqqqr
nwkrfxucmbr rbufcxwkmnr
xzciikx xizcxki
xnnphwa xnawpnh
ttvlndp dtvnlpt
tswqegxqwtzctd sttqtgwqzecwxd
optcbaj tcpjbao
nnruljr nrjlnur
etteott tttteoe
ecvrdlr ervlrcd
deehbid dhdbeie
awaqbpg wpaaqbg
hhxohhfkiewhcjnfn khhwhexohnhfijnfc
vngcmtmmqk tvncmmgmkq
jtqcwhnpxp jnhcxwpptq
imsnggrmiy msmnigyrig
bqtvtwkgum bqtgkmwutv
lliiuvhhlynrx vihluihnllryx
lfbqrgpgqewnl qfwblgperglnq
vmxmexmrfwtzltoxbpc mwrmtxoemvxtlpfxbzc
ztcpbz ztzbpc
zguilp ulzigp
yqqcea qyqcae
xpxgkr gkxpxr
wrx rwx
vso vos
utrytvyae utarveyty
uex xeu
trv tvr
szn nzs
qka qak
qblnbtmjp pbbtlqmjn
prcrcr ccrrpr
peu uep
oorlek loerok
nlvgij gvnlij
nbr nrb
mnj jnm
mhm hmm
lzrhww zlwhwr
lql qll
lnsuwg lgswun
keh khe
jct jtc
ibaxqofcskuk aiuxkokcsqbf
hoqgov qoogvh
hna nha
gud ugd
grl rgl
gdw dgw
ffhlvhgecgkn nchlkggefhvf
elksas skesal
cyxtkg kytcxg
cfx fcx
bff fbf
alz azl
aea eaa
ytdohncyzvo yvndtzcyoho
recqaswiyeo ceearqwiyos
qdgbbkzerzh edkbbgzqzhr
nftmfusinrm nummfnsfrti
epjrbaqdtbb jrapbqtdebb
ebsbgkyzmuu emubkbyzugs
xybgolyh hyblogxy
nslfkozr rfnskozl
ngdusrrx xrdunrgs
kypcxpvt kycptxvp
ymizyzfiao imizafzyyo
vrvwl vvwrl
vcexx cevxx
uuuva uauuv
toehx xoeth
ryoip iyopr
pkyur puyrk
keedy deeyk
etcjb ebctj
cyvai cviay
smzrhhg ghzrhms
doxmgxe goxmdex
rhbjjbyde rdjejbyhb
xuhljt luxhjt
vhvt vvht
sgjg sggj
qrjscjtvty qctstjjvry
pkktnv kktpnv
ntll ltnl
nhrd dhrn
iwzh izwh
hgvcntvv hgcvtnvv
hgdy dghy
dwah hwad
dtoi dtio
aiba aabi
uexbgud uebdgux
uusam uuasm
rqhyq rhqyq
gpesz gzesp
dntao datno
dddlw ldddw
jkgjftoh gkjjftoh
yn yn
xt xt
xrju xrju
vkb vkb
unm unm
un un
ufu ufu
ty ty
sxx sxx
shp shp
rxji rxji
re re
qh qh
oz oz
ova ova
nf nf
mk mk
lv lv
lh lh
kt kt
ko ko
jz jz
jj jj
ja ja
ik ik
hyww hyww
hvw hvw
gc gc
fg fg
fe fe
fa fa
cc cc
ba ba
ah ah
