zwtdjhwcgyy tcywydjghzw
zbhpmwpkycebsgpxl ppkhymbxslwgpczbe
wuwvqgmhbxsrdiyczghx zbvgxdsiymhwurgxqcwh
vdpgi dpivg
upybesmtfnojsubdwdg tfbundbogpsswdeuymj
qxspadn sdaqxnp
qrhadjftqpsgcxbf hjcpaqgbtffdrqsx
pqrucseppmbli ulicpemsbqprp
plpnybltjrg tpyjglnbrpl
onpssywpablciictlibk ctailoybnswipcbpiskl
mgnludqchuisczyk zdgmcunuqcsliykh
ledcplnmkwbfgywtzf tcfdwnpflgkwyzmebl
ksbbbirasicdqwjyuo airuosjbbdsycqwkib
krraolvasmpdutw ramrkdowavultps
jmfi fjim
ioaxjgyvcg gaxjcyigvo
hwijngrkcorj igcorrnjjwkh
gwnhwc ngcwhw
gjdapxlnizpxosydgvin zvplxgxiainjsndpdoyg
fdzusufy uuffyszd
eytobnfygveh febvygnehyto
ekydvz dyzvke
eedwuvzjcjbhblzh zlchjhwvubzeebdj
dokaddyuwirth idudwrtyoahdk
azwlji lijzaw
avej ejva
atsogxrujnm jsnmxratogu
yuxmwvslxdpmhpccodjj mvdsxjdcpwchlpjxyuom
ctjhipvgdnhhsvfzypmn vznsdhynhmicfpvgjpth
cpaaeuwozcaahddkcnuz uhueddwnaazpczacocka
jbwikuxzbjlzgfmufmu mzjwlbjkgzuuimxubff
mnqbebefeukjabdykd eadjfeebqnmkydbkub
kgotwhhvltubqdxjuu qujtlukghdwouxtvhb
fdcgwavfwpwsihiom ipghmvwwswdaiocff
dwprgvsbitzlvwmxa gaxsdlvvrzbmtwpiw
kovkdzysqrujkxa kzxuydskoqkrvaj
atzgqnswxeodtgj qgxdoazjgtswten
izvmnujarhooto mzjounaroivtoh
gwulmqlvdjmbc glwqbmdjmuclv
sbtedxkjxofj jojbdkxetfsx
eehryebxskym ebxmkyseeyrh
yzavoaoxtsu ovtasoxyzau
rhtternrkpg trkrpenhtgr
vcjxxwiidatpucjgfqcy cpqcfiiayvwctjjxuxdg
vbvkbghtnq bnhvtgqvkb
lvfscwghuzyeblbimhza ehllmusbbzafwygcvhiz
fakuxvvwpo uokvvawfxp
rseoijvlspdyhnrbdy njysrporisdvlydbeh
hpirxvisv ihpxsivrv
gquhxxprugdhnpgexg dghrqhugggpxxxuenp
glsjfhpwe hlpgwjsef
rvjehcveipmbvqpvp vpibvphmecvrjqpev
qcnuzdxtvwymqbflk quvkqntwdxzyclfbm
rifpdypmbcfgzuzv puzyfbimcvdfrgzp
rhobqjqx bxrhjoqq
hgnzcgpmypecfz hnppcyzggczemf
dksregmlcrnywj kgcrysnldewmjr
smtlbfdfzmxzntskpvom sdmlsnfbxkpzvfmtmtzo
tsqhheysyckfj ysthejfkshqcy
sxquqsysjdhnh xqhqnsjdyshus
ldanxuypttkjk tpykndajxtkul
kedmxuaamxhpj kuxmehmpdajax
jtrnrgboickjj rrignobjjtckj
eeivbrubmxefhwoizom iviwbeexbhmumeozorf
zsgghsrizcvm gszgvmhriszc
wlmkxayqmcmhscdoka yhsmmldqccaowamxkk
kmjcrrrvtgrvawrxsx gcwvkrrmvxarsrjxrt
dukclp dlcpku
hqqcckjngyizptsc iqhyjkpcztgnsqcc
xowakwbueyfgyvl yfwulwxoevakgyb
welkphbhojgrcew jlrkhobhewwpegc
ldtdvcbtwpvdohtjjf ldojbtvwpjcdhdttfv
jtclcegbn bcnlgejtc
mcyzezuanjedi nmeuyzdcijeaz
vlrttdbe vtrdlbet
fqyv yfqv
djqaavtg qdvajtag
gulkhpc gcplhuk
fpshttz tzphtsf
vvc cvv
sqf sfq
slohdfcuiuahule iludohacfuhsule
rkf krf
abs asb
lylmqoim imlmyolq
azval lzaav
axflhasgxx xxlahagfsx
wzhuczz czzuhzw
uwwe wuwe
qkzr qrzk
syypakav psyyakav
sl sl
itd itd
feo feo
bp bp
qojmjbpexctoayigg jgjmyetcoaqixogp
onxxwosszitrgufla xznxarsiuwoolgts
louiim rmuloi
inzewbvphtkqhdfxhvi zhdenikhtxxvhbwpfqiv
iajeihnktsedrs radkitssenihie
