zuhrfwecsgrmw erufsrzwgmwhc
yvvhaajzrfiqozmbisixujcj ajiimixjbozuyvczhvjasqfr
yeh ehy
xxinp pinxx
xo ox
xnkfwerl kwerlfnx
xnivpugvoxyjess vxysnvsxiejgpou
xnbaggkbarilotdjbnyt jtknaliybdobxgnbgtra
wwia iaww
wpatyj yawpjt
vwmszlrjriodvvy wrrzdsmviovjylv
vj jv
vemkogdj kdojevgm
uylzcfnkijo fczilnuojyk
ullbxnvj xuvjnlbl
uklt kutl
shesocnupjypwezptdpo ptoeyuepzsnwhspdpocj
rnjlwzwyvdoreugsoxjf vdwyrnoowxglurzjjfse
qtyrxckexvms yerscxmqvxkt
qoqqpzrnidynnfbybcebt eqnnyqbctyzbbpnroqfdi
petkryhd rpktydeh
pdahhypsymlmfl ypdmlplfhyhams
otm tmo
oaliyfqxpzrkuevzo fypxorozqlivkzeau
mppkubczhtfqazdpovppwuvr qrabpkppcdzpovzuvhwmptfu
mjmicxkoasfgtpffdw kxsfgcofmjmiadptwf
lt tl
lgpycsjhlobtxasidsf yatxihlfjsolbpcssgd
kztncqktrnd ntzcdknrkqt
kubkjodbriswbt swkiktbudbobjr
jxnwiv wivxnj
jvlcfuisqjenhprbsb pjjirhsebnlbvcufqs
jtkwfrvazm kwavrtzjmf
irnvssqrhb rvrsnqhsbi
ik ki
hvofue eufovh
horcocqjouzrywrdeucsqbmm bcosmqcewrozurdumcqoyrhj
heqajifhlkyo oajhelhkifqy
gnmixuc nigcumx
gbpypfhzum pyufhmzbpg
flzh lhfz
fl lf
eowgki okiegw
eazlllscwpooca oclasoelawclzp
dvcqwrymbtp brmwdvqypct
dsvdukmsgatkixmeweum vdsutweumikmgsemxdka
doeatyebeuqcr aqbudctyreeeo
diqfrwuqqxlyhyrvbuqqfav qquyuqfhvwrqfqaiyvdbrxl
cvqayqxfuatxp uxaqqavcpyxft
cmuyxxvnktdn kdycuvtxnxnm
aunrihwznj injnzurhwa
zlbwnadlxkoqtrgkiykrmehzv dkxbnlevzotkqzawgmhylkrri
rvbmgadfhuketyrzgrqdyzhpa fergaardtguzvkbmphhydryqz
hojjxnciloyahaoblnauougzt uuannayjhooltojlabzgxcioh
fnvwuowfcyotdtetpysswzhzd tzuhsptwszntoyvyewwcfddfo
yyqonwvptzmldnaqxvxphzyj zotnqxmyvnlpawjdvhqzxpyy
ustvzkbcyjuywikbiwufuyvr bzuikyjufswkuuiywrcvtbvy
rfkxifwpmpxeygoassgyzckv kcoimvgfypsxwafskzyrgpxe
eveagpnmmwiqwabqgqrzsxdw pgibmnwsxmweqaqwegdqvraz
wezbknewxzbsiiavaizgpup akbzezvbxapwpsznigiiuew
vzupqpsjfqleafhlsorkzej kueojpqzjaszlslqpfefrvh
lyvmjqkfqyvrcfdqvsgkcpr jfrlkqysvvdyqgrmkcpqvcf
kfxbfslwtgnmqcqhnbqasel qklnaexqwsnqftblcmsgbfh
iagmszwtckhvonomtoveqhm cvosviqokoghemtnwahmtzm
mfnahnokpmdyciirvnsysn nymmdpnivhysofrnsnaick
ynkeoudaflhihrjxixogj xyihlarjideogunjkxhof
ylunvsjmqgacfupmnfxqp qfxpmvsfumjapulngcqyn
wfobtlslctwagbchbwlwe atcwewltsghbcfwblwolb
uqdhkexmagzoyvejqngbd qejhgxmzvenubaqygdkdo
ptxniikjxpmqkmnwcobae pnoijanmtkwpcixbxqemk
jajxryqdbuluehbkyxpfb eubkxbyjhdbuplqrajfyx
hayuyzczidfrqkplpjhbo iprzjczfhklqbpyadhuyo
wxwjqczaeggpearwntpd aqtdeajgerwcwxzgpwnp
qxnfyphpgsobupctnizg ntpqzgsbgiypohpuxnfc
jxobqjhpulnjslhciwgh jhpnhowgshjxbcuiqllj
gjqdmfzavkeqhbbphkfq fdqgeafbqhkpvkjqbzhm
bbmicomqtddrfxvnxgup qrxoxmbuidpcmvgfnbtd
anvlsfroiipfuwivlvax nilowapsurvlxifvvfia
tzkfzuhyiksjwcqzuih uiuzqhwcihykjzfktzs
qifwoumhspokapmtger mugfteqoiparwkphsmo
msgdrazjnokwjjuwepz wkojndperaszujmzwjg
bawegbvhlahqbruoeyx bolahyerhvwgqaxubbe
wnzyahpmfgbxgoxgzv ampfznwgxbzvyxhgog
tilrpdossbxfyttlus bfsdlsuxtrtlostpyi
orzdxacnehfribfnks rrnfcekihobsdfzxna
itufjyaetircakguai tuiegifcuatrjyikaa
gpkqepzbggzgtmnygu pbengkgtypqgmuggzz
iwhokxdyfqqlurex yihqxulxdfkowerq
egryfvjjizpyjmam armejzmjypfgviyj
yxfjjwplsioekxo kjxseypxoolfwji
rpeqityuikbymgm qkpmebgyitmuriy
fflwiantresifwo flsfewrnwotfiia
uvwzyntnnmkzo zwnnonzvmkuyt
jigiaeyouhtjy agjtyeuioyhij
emtwjgjpmwhov hwjemwvptogjm
xtgzckpergiahkmuahsgokgil sghiahrkcggtkmlukxoizaegp
dkwgquazatfriorhvjtvbvc wztgufhrtrvvbdicvaokjaq
qxrvfycgocvsiduvhitctv cqvcorsufhvvitxitycdvg
mojenesookejmxucvtrwhg xvjouoetwjechsnmekmrgo
mmlutyvebomopftlybjrhk bpmuytmolmtlovhrbjeyfk
meffbrxegbv xmefgbfvber
zisyhmadfb ymabhsizdf
xlzrukqgrurfhpypinaf gqyxpfaupkrrhriufznl
snltnmjmgvpyivosnwfp plngitvsyommfnwsnpjv
kdnymzywntlqktberbcp ptdclmybykkentrzwnbq
hzgetmkxuz muhekgxzzt
foondpfvsy vpnoodsffy
usnzuhfxdjjpgrlucdb fjuhxcubrguplszdjdn
zowqkdjpugzyytdpkk dgpwkutjdkyqoykpzz
vbcvbpljs svlcbbvpj
udycegbxpvbzcmsdkq euybvbcxdcpdqzmsgk
othsrpfbdufdbxjbgv hrbfdbgbdouptvfsxj
lsonlcubr rlocubnsl
cmjgszsvq jqsvmgscz
shgzyfcbxkayjggleknuunokm hleczbkoyyfkmaxsggguunkjn
odcldggnhhuethnsdhgtlsfnn dgnfsldhldhegttunnhgoshnc
zwaduvowukyaselpvyowrtej peudwzyaylvsvorwketwauoj
zghzvjcvlvdbkggb ggbkgblvhczjdvzv
whfeyffs fsyfewfh
rkduzmmz zkmmdrzu
pfunartvwktbihrdepydhjrf hivprnefjrtbdfyhtrwdpuak
kebbqbdptnzgauec ktagbzbdqubpecen
innjfutnfmekxixm ftimujxkfneinmnx
eptjxbfzpjeyiphg gjijteebphyxpfzp
eotnlokuiwszudpahxwfukpt eanuzhfxksupodkwiotuplwt
enbmqedamusadkau aauadembumnsdqek
owbthxxbslreqjttumoimjf tboslxejuhtjqimbwxomftr
culqdakzzpguyet qtpdealugkcuzzy
jtplrkjrfgvasuakjvimjt rjsjmfkaritapvlujvkjtg
gibtkeviidkjyflslrspwl byiekgsjdtisiplkrvwfll
ycwujqp cuqwyjp
vysikyf kyivfsy
vdgeqhuizrisiu hegvuizidsuirq
suitvys ysvitus
qmigljr jmlrigq
oxqxhcfsmfrgjc mcxxfrfjsoqcgh
npmwnjmxpbogswrkzlqcd pgzwnlkxbdponmmscrwjq
nithmpjhdcstkc tdcsjpnihcmkth
grivawo oawvgri
desmzka madeskz
ddqkkrizghstfgdflskaj sflaksgzidhkrtddkjqgf
dqsutxksnxrrptycjpez pcxuxsdytjrqpksntzre
wyvudybvlwmcq vlwwcyvdqymub
ubsagtsvzszte gavzztbssestu
lhppzeelcwdhx zdwlhcexlpehp
ucrbedilkcppqzveubw bcquudeclvzwpepkibr
olucggybawzqlwtjepv tucvwbyjgogqawellzp
nvogttkgcupiuvkwcuq cugqiukgnwotkpcvvut
nijzdjzdkvglbzucydg zjgvjbylkuzcdnidzdg
ebssquchitluwvaiyav wlscviybiuesqtvauah
xrewgd drgxwe
sbcpsn bscsnp
rwqkul kqlwur
rudzil idlzur
mpjhcyzjhmekhseanu emcjeyhhhmjszkaupn
ebatmdyxrscccmzblm xztrbdcyemcmcamlsb
dgmopsuzqoyk domzkuqyogps
elkzxmkywqhbbgqaphnquwt aqbextzmkpwgbluhhwnqykq
olydwhrgmon hdwmlyrngoo
gskqacnnukdunmmxrgxhwo duwhaknqokrmuxcgsgmnxn
wzadzfsumtsswmxc tzsmzsmxwaudfwsc
lxrskdxpitdmdvyx rxmxsitdxypldvkd
pxuecnwepwliwkkqnsnsz wlinpxkezeknwqnwuspsc
zvbdjkibis vdbkjisibz
rlxtl lrtxl
lthwpphhuzbsobzlrfli buwfzlrhhphtpblszoli
lkfbl lfklb
quywvbejq jvuweybqq
ghdluipxspqkxxuxwfvlcc psglufwqxpivukcxxdlxch
yfuc ufcy
sihmehno mhhienos
sifspzfu sufisfzp
rwllbtpo wbrltopl
rmtwwqfpqeqd qptemqfqrdww
pihb hpib
oybflzwuoeos uwlfooobzeys
iyme eimy
fzmbbjpnozwxphjr mzhbbpzowrnpxfjj
awvaytjarsoa avwtaasryjoa
gnfesadclbt gdlescfbnta
yzvsfdd dyvfszd
tvmmtlwsbl blmmttsvlw
ssttuhnvwl lustwhsvnt
oqo ooq
oir ori
lbb blb
jqpisu spjiqu
huh uhh
fotuqb butoqf
dby bdy
dbg dgb
cqc ccq
nkltoeyl etlnolyk
rwvic irvwc
hvvnswbncq bvvhwnnscq
smnx snmx
pzz pzz
ost ost
kw kw
kh kh
