vrpyudtcubnjare uvjpebrtruyncad
ttnlydj ylttnjd
qihcuqzfh ucihzhfqq
lsfttxdwddnuxoyv wdovdyxfsntdtulx
jecdaluje ealuecjdj
hwmvcpa cvwapmh
freu uerf
fhmxk hmfkx
bncwajtr awjrnbct
atlkmwytkleqdx txtydllaemwkqk
wfkplbpxscmemn lkfnxepmcpbmsw
xsubwserxi xuxwirbses
quqoamijw uwqimqjao
jgrkukyur urukkgjry
ctarpvaqw pwtqvaarc
oredruzchxrpgil oxdezrhgclipurr
xugxzwjabryxup ajuzgxxwuyrxbp
poqfliglakkdnp pfpkilqogalknd
jliyhlj liljyhj
ycxfnpruoyznx youzrfnynxpcx
taipog iaptgo
cqcbujpzqaqx bxqpuacqzjqc
owghvjbulzm ghmuljowbzv
fnbpsdjvklmecye fyjenvspkbelcdm
oicdiexrdibkps ibecisrddokipx
uqbamolfz ufqbmloza
elzt eztl
nlavche lacnvhe
kdstxnphuv ktsduhnpxv
huci iuch
